14:53:40 [main]  INFO Tests - TITLE: Поиск круизов
14:53:40 [main]  INFO Tests - TITLE: Поиск круизов
14:53:45 [main]  INFO Tests - TITLE: Поиск круизов
14:53:45 [main]  INFO Tests - TITLE: Поиск круизов
14:53:49 [main]  INFO Tests - TITLE: Поиск круизов
14:53:49 [main]  INFO Tests - TITLE: Поиск круизов
14:53:53 [main]  INFO Tests - TITLE: Поиск круизов
14:53:53 [main]  INFO Tests - TITLE: Поиск круизов
14:53:56 [main]  INFO Tests - TITLE: Поиск круизов
14:53:56 [main]  INFO Tests - TITLE: Поиск круизов
14:54:01 [main]  INFO Tests - TITLE: Поиск круизов
14:54:01 [main]  INFO Tests - TITLE: Поиск круизов
14:54:05 [main]  INFO Tests - TITLE: Поиск круизов
14:54:05 [main]  INFO Tests - TITLE: Поиск круизов
14:54:09 [main]  INFO Tests - TITLE: Поиск круизов
14:54:09 [main]  INFO Tests - TITLE: Поиск круизов
14:54:13 [main]  INFO Tests - TITLE: Поиск круизов
14:54:13 [main]  INFO Tests - TITLE: Поиск круизов
14:54:17 [main]  INFO Tests - TITLE: Поиск круизов
14:54:17 [main]  INFO Tests - TITLE: Поиск круизов
14:54:22 [main]  INFO Tests - TITLE: Поиск круизов
14:54:22 [main]  INFO Tests - TITLE: Поиск круизов
14:54:28 [main]  INFO Tests - TITLE: Поиск круизов
14:54:28 [main]  INFO Tests - TITLE: Поиск круизов
14:54:35 [main]  INFO Tests - TITLE: Поиск круизов
14:54:35 [main]  INFO Tests - TITLE: Поиск круизов
14:54:43 [main]  INFO Tests - TITLE: Поиск круизов
14:54:43 [main]  INFO Tests - TITLE: Поиск круизов
14:54:46 [main]  INFO Tests - TITLE: Поиск круизов
14:54:46 [main]  INFO Tests - TITLE: Поиск круизов
14:54:51 [main]  INFO Tests - TITLE: Поиск круизов
14:54:51 [main]  INFO Tests - TITLE: Поиск круизов
14:54:56 [main]  INFO Tests - TITLE: Поиск круизов
14:54:56 [main]  INFO Tests - TITLE: Поиск круизов
14:55:02 [main]  INFO Tests - TITLE: Поиск круизов
14:55:02 [main]  INFO Tests - TITLE: Поиск круизов
14:55:06 [main]  INFO Tests - TITLE: Поиск круизов
14:55:06 [main]  INFO Tests - TITLE: Поиск круизов
14:55:09 [main]  INFO Tests - TITLE: Поиск круизов
14:55:09 [main]  INFO Tests - TITLE: Поиск круизов
14:55:13 [main]  INFO Tests - TITLE: Поиск круизов
14:55:13 [main]  INFO Tests - TITLE: Поиск круизов
14:55:17 [main]  INFO Tests - TITLE: Поиск круизов
14:55:17 [main]  INFO Tests - TITLE: Поиск круизов
14:55:21 [main]  INFO Tests - TITLE: Поиск круизов
14:55:21 [main]  INFO Tests - TITLE: Поиск круизов
14:55:24 [main]  INFO Tests - TITLE: Поиск круизов
14:55:24 [main]  INFO Tests - TITLE: Поиск круизов
14:55:30 [main]  INFO Tests - TITLE: Поиск круизов
14:55:30 [main]  INFO Tests - TITLE: Поиск круизов
14:55:34 [main]  INFO Tests - TITLE: Поиск круизов
14:55:34 [main]  INFO Tests - TITLE: Поиск круизов
14:55:38 [main]  INFO Tests - TITLE: Поиск круизов
14:55:38 [main]  INFO Tests - TITLE: Поиск круизов
14:55:42 [main]  INFO Tests - TITLE: Поиск круизов
14:55:42 [main]  INFO Tests - TITLE: Поиск круизов
14:55:45 [main]  INFO Tests - TITLE: Поиск круизов
14:55:45 [main]  INFO Tests - TITLE: Поиск круизов
14:55:49 [main]  INFO Tests - TITLE: Поиск круизов
14:55:49 [main]  INFO Tests - TITLE: Поиск круизов
14:55:52 [main]  INFO Tests - TITLE: Поиск круизов
14:55:52 [main]  INFO Tests - TITLE: Поиск круизов
